// Jest Snapshot v1, https://goo.gl/fbAQLP

exports[`DialogTitleWithCloseButton should match snapshot 1`] = `<div />`;
