// Jest Snapshot v1, https://goo.gl/fbAQLP

exports[`ResidentList should match snapshot 1`] = `
.css-0,
[data-css-0] {
  width: 100%;
  height: 10%;
  color: #163172;
  display: -webkit-box;
  display: -moz-box;
  display: -ms-flexbox;
  display: -webkit-flex;
  display: flex;
  justify-content: center;
  align-items: center;
  -webkit-box-pack: center;
  -webkit-justify-content: center;
  -webkit-box-align: center;
  -webkit-align-items: center;
}

.css-0:hover,
[data-css-0]:hover {
  background-color: #c8daea;
  cursor: pointer;
}

.css-2,
[data-css-2] {
  width: 100%;
  height: 10%;
  color: #163172;
  display: -webkit-box;
  display: -moz-box;
  display: -ms-flexbox;
  display: -webkit-flex;
  display: flex;
  justify-content: center;
  align-items: center;
  background-color: #c8daea;
  -webkit-box-pack: center;
  -webkit-justify-content: center;
  -webkit-box-align: center;
  -webkit-align-items: center;
}

.css-2:hover,
[data-css-2]:hover {
  background-color: #c8daea;
  cursor: pointer;
}

.css-4,
[data-css-4] {
  background-color: red;
  overflow-y: auto;
}

<div>
  <div
    class="genericList invoiceList"
    data-css-4=""
  >
    <div
      class="listElement selectedListElement"
      data-css-2=""
    >
      Januar 2023
    </div>
    <hr
      class="hr"
    />
    <div
      class="listElement"
      data-css-0=""
    >
      Februar 2023
    </div>
    <hr
      class="hr"
    />
    <div
      class="listElement"
      data-css-0=""
    >
      MÃ¤rz 2023
    </div>
    <hr
      class="hr"
    />
    <div
      class="listElement"
      data-css-0=""
    >
      April 2023
    </div>
    <hr
      class="hr"
    />
    <div
      class="listElement"
      data-css-0=""
    >
      Mai 2023
    </div>
  </div>
</div>
`;
